Analysis & Synthesis report for datapath
Fri May 07 00:04:32 2021
Quartus II 64-Bit Version 13.0.1 Build 232 06/12/2013 Service Pack 1 SJ Web Edition


---------------------
; Table of Contents ;
---------------------
  1. Legal Notice
  2. Analysis & Synthesis Summary
  3. Analysis & Synthesis Settings
  4. Parallel Compilation
  5. Analysis & Synthesis Source Files Read
  6. Analysis & Synthesis Resource Usage Summary
  7. Analysis & Synthesis Resource Utilization by Entity
  8. Analysis & Synthesis RAM Summary
  9. Analysis & Synthesis IP Cores Summary
 10. Registers Removed During Synthesis
 11. General Register Statistics
 12. Multiplexer Restructuring Statistics (Restructuring Performed)
 13. Source assignments for MemoriadeDados:memoriaDados|altsyncram:altsyncram_component|altsyncram_vsa1:auto_generated
 14. Source assignments for memoriaDePrograma:memoriaPrograma|altsyncram:altsyncram_component|altsyncram_6091:auto_generated
 15. Parameter Settings for User Entity Instance: MemoriadeDados:memoriaDados|altsyncram:altsyncram_component
 16. Parameter Settings for User Entity Instance: memoriaDePrograma:memoriaPrograma|altsyncram:altsyncram_component
 17. altsyncram Parameter Settings by Entity Instance
 18. Port Connectivity Checks: "multi2:mux3"
 19. Elapsed Time Per Partition
 20. Analysis & Synthesis Messages



----------------
; Legal Notice ;
----------------
Copyright (C) 1991-2013 Altera Corporation
Your use of Altera Corporation's design tools, logic functions 
and other software and tools, and its AMPP partner logic 
functions, and any output files from any of the foregoing 
(including device programming or simulation files), and any 
associated documentation or information are expressly subject 
to the terms and conditions of the Altera Program License 
Subscription Agreement, Altera MegaCore Function License 
Agreement, or other applicable license agreement, including, 
without limitation, that your use is for the sole purpose of 
programming logic devices manufactured by Altera and sold by 
Altera or its authorized distributors.  Please refer to the 
applicable agreement for further details.



+--------------------------------------------------------------------------------------+
; Analysis & Synthesis Summary                                                         ;
+------------------------------------+-------------------------------------------------+
; Analysis & Synthesis Status        ; Successful - Fri May 07 00:04:32 2021           ;
; Quartus II 64-Bit Version          ; 13.0.1 Build 232 06/12/2013 SP 1 SJ Web Edition ;
; Revision Name                      ; datapath                                        ;
; Top-level Entity Name              ; datapath                                        ;
; Family                             ; Cyclone II                                      ;
; Total logic elements               ; 522                                             ;
;     Total combinational functions  ; 522                                             ;
;     Dedicated logic registers      ; 250                                             ;
; Total registers                    ; 250                                             ;
; Total pins                         ; 98                                              ;
; Total virtual pins                 ; 0                                               ;
; Total memory bits                  ; 8,192                                           ;
; Embedded Multiplier 9-bit elements ; 0                                               ;
; Total PLLs                         ; 0                                               ;
+------------------------------------+-------------------------------------------------+


+----------------------------------------------------------------------------------------------------------------------+
; Analysis & Synthesis Settings                                                                                        ;
+----------------------------------------------------------------------------+--------------------+--------------------+
; Option                                                                     ; Setting            ; Default Value      ;
+----------------------------------------------------------------------------+--------------------+--------------------+
; Device                                                                     ; EP2C5F256C6        ;                    ;
; Top-level entity name                                                      ; datapath           ; datapath           ;
; Family name                                                                ; Cyclone II         ; Cyclone IV GX      ;
; Use smart compilation                                                      ; Off                ; Off                ;
; Enable parallel Assembler and TimeQuest Timing Analyzer during compilation ; On                 ; On                 ;
; Enable compact report table                                                ; Off                ; Off                ;
; Restructure Multiplexers                                                   ; Auto               ; Auto               ;
; Create Debugging Nodes for IP Cores                                        ; Off                ; Off                ;
; Preserve fewer node names                                                  ; On                 ; On                 ;
; Disable OpenCore Plus hardware evaluation                                  ; Off                ; Off                ;
; Verilog Version                                                            ; Verilog_2001       ; Verilog_2001       ;
; VHDL Version                                                               ; VHDL_1993          ; VHDL_1993          ;
; State Machine Processing                                                   ; Auto               ; Auto               ;
; Safe State Machine                                                         ; Off                ; Off                ;
; Extract Verilog State Machines                                             ; On                 ; On                 ;
; Extract VHDL State Machines                                                ; On                 ; On                 ;
; Ignore Verilog initial constructs                                          ; Off                ; Off                ;
; Iteration limit for constant Verilog loops                                 ; 5000               ; 5000               ;
; Iteration limit for non-constant Verilog loops                             ; 250                ; 250                ;
; Add Pass-Through Logic to Inferred RAMs                                    ; On                 ; On                 ;
; Infer RAMs from Raw Logic                                                  ; On                 ; On                 ;
; Parallel Synthesis                                                         ; On                 ; On                 ;
; DSP Block Balancing                                                        ; Auto               ; Auto               ;
; NOT Gate Push-Back                                                         ; On                 ; On                 ;
; Power-Up Don't Care                                                        ; On                 ; On                 ;
; Remove Redundant Logic Cells                                               ; Off                ; Off                ;
; Remove Duplicate Registers                                                 ; On                 ; On                 ;
; Ignore CARRY Buffers                                                       ; Off                ; Off                ;
; Ignore CASCADE Buffers                                                     ; Off                ; Off                ;
; Ignore GLOBAL Buffers                                                      ; Off                ; Off                ;
; Ignore ROW GLOBAL Buffers                                                  ; Off                ; Off                ;
; Ignore LCELL Buffers                                                       ; Off                ; Off                ;
; Ignore SOFT Buffers                                                        ; On                 ; On                 ;
; Limit AHDL Integers to 32 Bits                                             ; Off                ; Off                ;
; Optimization Technique                                                     ; Balanced           ; Balanced           ;
; Carry Chain Length                                                         ; 70                 ; 70                 ;
; Auto Carry Chains                                                          ; On                 ; On                 ;
; Auto Open-Drain Pins                                                       ; On                 ; On                 ;
; Perform WYSIWYG Primitive Resynthesis                                      ; Off                ; Off                ;
; Auto ROM Replacement                                                       ; On                 ; On                 ;
; Auto RAM Replacement                                                       ; On                 ; On                 ;
; Auto Shift Register Replacement                                            ; Auto               ; Auto               ;
; Allow Shift Register Merging across Hierarchies                            ; Auto               ; Auto               ;
; Auto Clock Enable Replacement                                              ; On                 ; On                 ;
; Strict RAM Replacement                                                     ; Off                ; Off                ;
; Allow Synchronous Control Signals                                          ; On                 ; On                 ;
; Force Use of Synchronous Clear Signals                                     ; Off                ; Off                ;
; Auto RAM to Logic Cell Conversion                                          ; Off                ; Off                ;
; Auto Resource Sharing                                                      ; Off                ; Off                ;
; Allow Any RAM Size For Recognition                                         ; Off                ; Off                ;
; Allow Any ROM Size For Recognition                                         ; Off                ; Off                ;
; Allow Any Shift Register Size For Recognition                              ; Off                ; Off                ;
; Use LogicLock Constraints during Resource Balancing                        ; On                 ; On                 ;
; Ignore translate_off and synthesis_off directives                          ; Off                ; Off                ;
; Timing-Driven Synthesis                                                    ; Off                ; Off                ;
; Report Parameter Settings                                                  ; On                 ; On                 ;
; Report Source Assignments                                                  ; On                 ; On                 ;
; Report Connectivity Checks                                                 ; On                 ; On                 ;
; Ignore Maximum Fan-Out Assignments                                         ; Off                ; Off                ;
; Synchronization Register Chain Length                                      ; 2                  ; 2                  ;
; PowerPlay Power Optimization                                               ; Normal compilation ; Normal compilation ;
; HDL message level                                                          ; Level2             ; Level2             ;
; Suppress Register Optimization Related Messages                            ; Off                ; Off                ;
; Number of Removed Registers Reported in Synthesis Report                   ; 5000               ; 5000               ;
; Number of Swept Nodes Reported in Synthesis Report                         ; 5000               ; 5000               ;
; Number of Inverted Registers Reported in Synthesis Report                  ; 100                ; 100                ;
; Clock MUX Protection                                                       ; On                 ; On                 ;
; Auto Gated Clock Conversion                                                ; Off                ; Off                ;
; Block Design Naming                                                        ; Auto               ; Auto               ;
; SDC constraint protection                                                  ; Off                ; Off                ;
; Synthesis Effort                                                           ; Auto               ; Auto               ;
; Shift Register Replacement - Allow Asynchronous Clear Signal               ; On                 ; On                 ;
; Pre-Mapping Resynthesis Optimization                                       ; Off                ; Off                ;
; Analysis & Synthesis Message Level                                         ; Medium             ; Medium             ;
; Disable Register Merging Across Hierarchies                                ; Auto               ; Auto               ;
; Resource Aware Inference For Block RAM                                     ; On                 ; On                 ;
; Synthesis Seed                                                             ; 1                  ; 1                  ;
+----------------------------------------------------------------------------+--------------------+--------------------+


Parallel compilation was disabled, but you have multiple processors available. Enable parallel compilation to reduce compilation time.
+-------------------------------------+
; Parallel Compilation                ;
+----------------------------+--------+
; Processors                 ; Number ;
+----------------------------+--------+
; Number detected on machine ; 8      ;
; Maximum allowed            ; 1      ;
+----------------------------+--------+


+-----------------------------------------------------------------------------------------------------------------------------------------------------------------------------------------------------------+
; Analysis & Synthesis Source Files Read                                                                                                                                                                    ;
+-----------------------------------------+-----------------+------------------------------+------------------------------------------------------------------------------------------------------+---------+
; File Name with User-Entered Path        ; Used in Netlist ; File Type                    ; File Name with Absolute Path                                                                         ; Library ;
+-----------------------------------------+-----------------+------------------------------+------------------------------------------------------------------------------------------------------+---------+
; multi2/multi2.vhd                       ; yes             ; User VHDL File               ; C:/Users/jarna/OneDrive/햞ea de Trabalho/microgeral/datapath/multi2/multi2.vhd                       ;         ;
; comparador/comparador.vhd               ; yes             ; User VHDL File               ; C:/Users/jarna/OneDrive/햞ea de Trabalho/microgeral/datapath/comparador/comparador.vhd               ;         ;
; pilhareg/pilhareg.vhd                   ; yes             ; User VHDL File               ; C:/Users/jarna/OneDrive/햞ea de Trabalho/microgeral/datapath/pilhareg/pilhareg.vhd                   ;         ;
; datapath.vhd                            ; yes             ; User VHDL File               ; C:/Users/jarna/OneDrive/햞ea de Trabalho/microgeral/datapath/datapath.vhd                            ;         ;
; multi7/multi7.vhd                       ; yes             ; User VHDL File               ; C:/Users/jarna/OneDrive/햞ea de Trabalho/microgeral/datapath/multi7/multi7.vhd                       ;         ;
; multi5/multi5.vhd                       ; yes             ; User VHDL File               ; C:/Users/jarna/OneDrive/햞ea de Trabalho/microgeral/datapath/multi5/multi5.vhd                       ;         ;
; ULA/ULA.vhd                             ; yes             ; User VHDL File               ; C:/Users/jarna/OneDrive/햞ea de Trabalho/microgeral/datapath/ULA/ULA.vhd                             ;         ;
; ../PC/PC.vhd                            ; yes             ; User VHDL File               ; C:/Users/jarna/OneDrive/햞ea de Trabalho/microgeral/datapath/PC/PC.vhd                               ;         ;
; registrador16bits/registrador16bits.vhd ; yes             ; User VHDL File               ; C:/Users/jarna/OneDrive/햞ea de Trabalho/microgeral/datapath/registrador16bits/registrador16bits.vhd ;         ;
; MemoriadeDados/MemoriadeDados.vhd       ; yes             ; User Wizard-Generated File   ; C:/Users/jarna/OneDrive/햞ea de Trabalho/microgeral/datapath/MemoriadeDados/MemoriadeDados.vhd       ;         ;
; memoriaDePrograma/memoriaDePrograma.vhd ; yes             ; User Wizard-Generated File   ; C:/Users/jarna/OneDrive/햞ea de Trabalho/microgeral/datapath/memoriaDePrograma/memoriaDePrograma.vhd ;         ;
; altsyncram.tdf                          ; yes             ; Megafunction                 ; c:/altera/13.0sp1/quartus/libraries/megafunctions/altsyncram.tdf                                     ;         ;
; stratix_ram_block.inc                   ; yes             ; Megafunction                 ; c:/altera/13.0sp1/quartus/libraries/megafunctions/stratix_ram_block.inc                              ;         ;
; lpm_mux.inc                             ; yes             ; Megafunction                 ; c:/altera/13.0sp1/quartus/libraries/megafunctions/lpm_mux.inc                                        ;         ;
; lpm_decode.inc                          ; yes             ; Megafunction                 ; c:/altera/13.0sp1/quartus/libraries/megafunctions/lpm_decode.inc                                     ;         ;
; aglobal130.inc                          ; yes             ; Megafunction                 ; c:/altera/13.0sp1/quartus/libraries/megafunctions/aglobal130.inc                                     ;         ;
; a_rdenreg.inc                           ; yes             ; Megafunction                 ; c:/altera/13.0sp1/quartus/libraries/megafunctions/a_rdenreg.inc                                      ;         ;
; altrom.inc                              ; yes             ; Megafunction                 ; c:/altera/13.0sp1/quartus/libraries/megafunctions/altrom.inc                                         ;         ;
; altram.inc                              ; yes             ; Megafunction                 ; c:/altera/13.0sp1/quartus/libraries/megafunctions/altram.inc                                         ;         ;
; altdpram.inc                            ; yes             ; Megafunction                 ; c:/altera/13.0sp1/quartus/libraries/megafunctions/altdpram.inc                                       ;         ;
; db/altsyncram_vsa1.tdf                  ; yes             ; Auto-Generated Megafunction  ; C:/Users/jarna/OneDrive/햞ea de Trabalho/microgeral/datapath/db/altsyncram_vsa1.tdf                  ;         ;
; db/altsyncram_6091.tdf                  ; yes             ; Auto-Generated Megafunction  ; C:/Users/jarna/OneDrive/햞ea de Trabalho/microgeral/datapath/db/altsyncram_6091.tdf                  ;         ;
+-----------------------------------------+-----------------+------------------------------+------------------------------------------------------------------------------------------------------+---------+


+-----------------------------------------------------+
; Analysis & Synthesis Resource Usage Summary         ;
+---------------------------------------------+-------+
; Resource                                    ; Usage ;
+---------------------------------------------+-------+
; Estimated Total logic elements              ; 522   ;
;                                             ;       ;
; Total combinational functions               ; 522   ;
; Logic element usage by number of LUT inputs ;       ;
;     -- 4 input functions                    ; 203   ;
;     -- 3 input functions                    ; 72    ;
;     -- <=2 input functions                  ; 247   ;
;                                             ;       ;
; Logic elements by mode                      ;       ;
;     -- normal mode                          ; 469   ;
;     -- arithmetic mode                      ; 53    ;
;                                             ;       ;
; Total registers                             ; 250   ;
;     -- Dedicated logic registers            ; 250   ;
;     -- I/O registers                        ; 0     ;
;                                             ;       ;
; I/O pins                                    ; 98    ;
; Total memory bits                           ; 8192  ;
; Embedded Multiplier 9-bit elements          ; 0     ;
; Maximum fan-out node                        ; clock ;
; Maximum fan-out                             ; 282   ;
; Total fan-out                               ; 2639  ;
; Average fan-out                             ; 2.93  ;
+---------------------------------------------+-------+


+-----------------------------------------------------------------------------------------------------------------------------------------------------------------------------------------------------------------------------------------------------------------------------------+
; Analysis & Synthesis Resource Utilization by Entity                                                                                                                                                                                                                               ;
+-------------------------------------------+-------------------+--------------+-------------+--------------+---------+-----------+------+--------------+------------------------------------------------------------------------------------------------------------+--------------+
; Compilation Hierarchy Node                ; LC Combinationals ; LC Registers ; Memory Bits ; DSP Elements ; DSP 9x9 ; DSP 18x18 ; Pins ; Virtual Pins ; Full Hierarchy Name                                                                                        ; Library Name ;
+-------------------------------------------+-------------------+--------------+-------------+--------------+---------+-----------+------+--------------+------------------------------------------------------------------------------------------------------------+--------------+
; |datapath                                 ; 522 (0)           ; 250 (0)      ; 8192        ; 0            ; 0       ; 0         ; 98   ; 0            ; |datapath                                                                                                  ; work         ;
;    |MemoriadeDados:memoriaDados|          ; 0 (0)             ; 0 (0)        ; 4096        ; 0            ; 0       ; 0         ; 0    ; 0            ; |datapath|MemoriadeDados:memoriaDados                                                                      ; work         ;
;       |altsyncram:altsyncram_component|   ; 0 (0)             ; 0 (0)        ; 4096        ; 0            ; 0       ; 0         ; 0    ; 0            ; |datapath|MemoriadeDados:memoriaDados|altsyncram:altsyncram_component                                      ; work         ;
;          |altsyncram_vsa1:auto_generated| ; 0 (0)             ; 0 (0)        ; 4096        ; 0            ; 0       ; 0         ; 0    ; 0            ; |datapath|MemoriadeDados:memoriaDados|altsyncram:altsyncram_component|altsyncram_vsa1:auto_generated       ; work         ;
;    |PC:contadordeprograma|                ; 9 (9)             ; 8 (8)        ; 0           ; 0            ; 0       ; 0         ; 0    ; 0            ; |datapath|PC:contadordeprograma                                                                            ; work         ;
;    |ULA:alu|                              ; 116 (116)         ; 16 (16)      ; 0           ; 0            ; 0       ; 0         ; 0    ; 0            ; |datapath|ULA:alu                                                                                          ; work         ;
;    |comparador:compare|                   ; 46 (46)           ; 2 (2)        ; 0           ; 0            ; 0       ; 0         ; 0    ; 0            ; |datapath|comparador:compare                                                                               ; work         ;
;    |memoriaDePrograma:memoriaPrograma|    ; 0 (0)             ; 0 (0)        ; 4096        ; 0            ; 0       ; 0         ; 0    ; 0            ; |datapath|memoriaDePrograma:memoriaPrograma                                                                ; work         ;
;       |altsyncram:altsyncram_component|   ; 0 (0)             ; 0 (0)        ; 4096        ; 0            ; 0       ; 0         ; 0    ; 0            ; |datapath|memoriaDePrograma:memoriaPrograma|altsyncram:altsyncram_component                                ; work         ;
;          |altsyncram_6091:auto_generated| ; 0 (0)             ; 0 (0)        ; 4096        ; 0            ; 0       ; 0         ; 0    ; 0            ; |datapath|memoriaDePrograma:memoriaPrograma|altsyncram:altsyncram_component|altsyncram_6091:auto_generated ; work         ;
;    |multi2:mux3|                          ; 8 (8)             ; 8 (8)        ; 0           ; 0            ; 0       ; 0         ; 0    ; 0            ; |datapath|multi2:mux3                                                                                      ; work         ;
;    |multi5:mux1|                          ; 32 (32)           ; 16 (16)      ; 0           ; 0            ; 0       ; 0         ; 0    ; 0            ; |datapath|multi5:mux1                                                                                      ; work         ;
;    |multi7:mux7_registers1|               ; 66 (66)           ; 16 (16)      ; 0           ; 0            ; 0       ; 0         ; 0    ; 0            ; |datapath|multi7:mux7_registers1                                                                           ; work         ;
;    |multi7:mux7_registers2|               ; 66 (66)           ; 16 (16)      ; 0           ; 0            ; 0       ; 0         ; 0    ; 0            ; |datapath|multi7:mux7_registers2                                                                           ; work         ;
;    |pilhareg:Rp|                          ; 9 (9)             ; 8 (8)        ; 0           ; 0            ; 0       ; 0         ; 0    ; 0            ; |datapath|pilhareg:Rp                                                                                      ; work         ;
;    |registrador16bits:RSaida|             ; 17 (17)           ; 16 (16)      ; 0           ; 0            ; 0       ; 0         ; 0    ; 0            ; |datapath|registrador16bits:RSaida                                                                         ; work         ;
;    |registrador16bits:inRegister|         ; 17 (17)           ; 16 (16)      ; 0           ; 0            ; 0       ; 0         ; 0    ; 0            ; |datapath|registrador16bits:inRegister                                                                     ; work         ;
;    |registrador16bits:r0|                 ; 17 (17)           ; 16 (16)      ; 0           ; 0            ; 0       ; 0         ; 0    ; 0            ; |datapath|registrador16bits:r0                                                                             ; work         ;
;    |registrador16bits:r1|                 ; 17 (17)           ; 16 (16)      ; 0           ; 0            ; 0       ; 0         ; 0    ; 0            ; |datapath|registrador16bits:r1                                                                             ; work         ;
;    |registrador16bits:r2|                 ; 17 (17)           ; 16 (16)      ; 0           ; 0            ; 0       ; 0         ; 0    ; 0            ; |datapath|registrador16bits:r2                                                                             ; work         ;
;    |registrador16bits:r3|                 ; 17 (17)           ; 16 (16)      ; 0           ; 0            ; 0       ; 0         ; 0    ; 0            ; |datapath|registrador16bits:r3                                                                             ; work         ;
;    |registrador16bits:r4|                 ; 17 (17)           ; 16 (16)      ; 0           ; 0            ; 0       ; 0         ; 0    ; 0            ; |datapath|registrador16bits:r4                                                                             ; work         ;
;    |registrador16bits:r5|                 ; 17 (17)           ; 16 (16)      ; 0           ; 0            ; 0       ; 0         ; 0    ; 0            ; |datapath|registrador16bits:r5                                                                             ; work         ;
;    |registrador16bits:r6|                 ; 17 (17)           ; 16 (16)      ; 0           ; 0            ; 0       ; 0         ; 0    ; 0            ; |datapath|registrador16bits:r6                                                                             ; work         ;
;    |registrador16bits:regInstrucao|       ; 17 (17)           ; 16 (16)      ; 0           ; 0            ; 0       ; 0         ; 0    ; 0            ; |datapath|registrador16bits:regInstrucao                                                                   ; work         ;
+-------------------------------------------+-------------------+--------------+-------------+--------------+---------+-----------+------+--------------+------------------------------------------------------------------------------------------------------------+--------------+
Note: For table entries with two numbers listed, the numbers in parentheses indicate the number of resources of the given type used by the specific entity alone. The numbers listed outside of parentheses indicate the total resources of the given type used by the specific entity and all of its sub-entities in the hierarchy.


+-----------------------------------------------------------------------------------------------------------------------------------------------------------------------------------------------------------------------------+
; Analysis & Synthesis RAM Summary                                                                                                                                                                                            ;
+-------------------------------------------------------------------------------------------------------------+------+-------------+--------------+--------------+--------------+--------------+------+-----------------------+
; Name                                                                                                        ; Type ; Mode        ; Port A Depth ; Port A Width ; Port B Depth ; Port B Width ; Size ; MIF                   ;
+-------------------------------------------------------------------------------------------------------------+------+-------------+--------------+--------------+--------------+--------------+------+-----------------------+
; MemoriadeDados:memoriaDados|altsyncram:altsyncram_component|altsyncram_vsa1:auto_generated|ALTSYNCRAM       ; AUTO ; Single Port ; 256          ; 16           ; --           ; --           ; 4096 ; None                  ;
; memoriaDePrograma:memoriaPrograma|altsyncram:altsyncram_component|altsyncram_6091:auto_generated|ALTSYNCRAM ; AUTO ; ROM         ; 256          ; 16           ; --           ; --           ; 4096 ; memoriaDePrograma.mif ;
+-------------------------------------------------------------------------------------------------------------+------+-------------+--------------+--------------+--------------+--------------+------+-----------------------+


+--------------------------------------------------------------------------------------------------------------------------------------------------------------------------------------------------------------------+
; Analysis & Synthesis IP Cores Summary                                                                                                                                                                              ;
+--------+--------------+---------+--------------+--------------+---------------------------------------------+------------------------------------------------------------------------------------------------------+
; Vendor ; IP Core Name ; Version ; Release Date ; License Type ; Entity Instance                             ; IP Include File                                                                                      ;
+--------+--------------+---------+--------------+--------------+---------------------------------------------+------------------------------------------------------------------------------------------------------+
; Altera ; RAM: 1-PORT  ; N/A     ; N/A          ; N/A          ; |datapath|MemoriadeDados:memoriaDados       ; C:/Users/jarna/OneDrive/햞ea de Trabalho/microgeral/datapath/MemoriadeDados/MemoriadeDados.vhd       ;
; Altera ; ROM: 1-PORT  ; N/A     ; N/A          ; N/A          ; |datapath|memoriaDePrograma:memoriaPrograma ; C:/Users/jarna/OneDrive/햞ea de Trabalho/microgeral/datapath/memoriaDePrograma/memoriaDePrograma.vhd ;
+--------+--------------+---------+--------------+--------------+---------------------------------------------+------------------------------------------------------------------------------------------------------+


+-------------------------------------------------------------+
; Registers Removed During Synthesis                          ;
+----------------------------------------+--------------------+
; Register name                          ; Reason for Removal ;
+----------------------------------------+--------------------+
; ULA:alu|saida[0]~en                    ; Lost fanout        ;
; ULA:alu|saida[1]~en                    ; Lost fanout        ;
; ULA:alu|saida[2]~en                    ; Lost fanout        ;
; ULA:alu|saida[3]~en                    ; Lost fanout        ;
; ULA:alu|saida[4]~en                    ; Lost fanout        ;
; ULA:alu|saida[5]~en                    ; Lost fanout        ;
; ULA:alu|saida[6]~en                    ; Lost fanout        ;
; ULA:alu|saida[7]~en                    ; Lost fanout        ;
; ULA:alu|saida[8]~en                    ; Lost fanout        ;
; ULA:alu|saida[9]~en                    ; Lost fanout        ;
; ULA:alu|saida[10]~en                   ; Lost fanout        ;
; ULA:alu|saida[11]~en                   ; Lost fanout        ;
; ULA:alu|saida[12]~en                   ; Lost fanout        ;
; ULA:alu|saida[13]~en                   ; Lost fanout        ;
; ULA:alu|saida[14]~en                   ; Lost fanout        ;
; ULA:alu|saida[15]~en                   ; Lost fanout        ;
; Total Number of Removed Registers = 16 ;                    ;
+----------------------------------------+--------------------+


+------------------------------------------------------+
; General Register Statistics                          ;
+----------------------------------------------+-------+
; Statistic                                    ; Value ;
+----------------------------------------------+-------+
; Total registers                              ; 250   ;
; Number of registers using Synchronous Clear  ; 0     ;
; Number of registers using Synchronous Load   ; 40    ;
; Number of registers using Asynchronous Clear ; 8     ;
; Number of registers using Asynchronous Load  ; 0     ;
; Number of registers using Clock Enable       ; 176   ;
; Number of registers using Preset             ; 0     ;
+----------------------------------------------+-------+


+-----------------------------------------------------------------------------------------------------------------------------------------------------------------+
; Multiplexer Restructuring Statistics (Restructuring Performed)                                                                                                  ;
+--------------------+-----------+---------------+----------------------+------------------------+------------+---------------------------------------------------+
; Multiplexer Inputs ; Bus Width ; Baseline Area ; Area if Restructured ; Saving if Restructured ; Registered ; Example Multiplexer Output                        ;
+--------------------+-----------+---------------+----------------------+------------------------+------------+---------------------------------------------------+
; 3:1                ; 16 bits   ; 32 LEs        ; 16 LEs               ; 16 LEs                 ; Yes        ; |datapath|registrador16bits:regInstrucao|saida[3] ;
; 3:1                ; 16 bits   ; 32 LEs        ; 16 LEs               ; 16 LEs                 ; Yes        ; |datapath|registrador16bits:RSaida|saida[9]       ;
; 3:1                ; 16 bits   ; 32 LEs        ; 16 LEs               ; 16 LEs                 ; Yes        ; |datapath|registrador16bits:r0|saida[9]           ;
; 3:1                ; 16 bits   ; 32 LEs        ; 16 LEs               ; 16 LEs                 ; Yes        ; |datapath|registrador16bits:r1|saida[13]          ;
; 3:1                ; 16 bits   ; 32 LEs        ; 16 LEs               ; 16 LEs                 ; Yes        ; |datapath|registrador16bits:r2|saida[2]           ;
; 3:1                ; 16 bits   ; 32 LEs        ; 16 LEs               ; 16 LEs                 ; Yes        ; |datapath|registrador16bits:r3|saida[5]           ;
; 3:1                ; 16 bits   ; 32 LEs        ; 16 LEs               ; 16 LEs                 ; Yes        ; |datapath|registrador16bits:r4|saida[4]           ;
; 3:1                ; 16 bits   ; 32 LEs        ; 16 LEs               ; 16 LEs                 ; Yes        ; |datapath|registrador16bits:r5|saida[8]           ;
; 3:1                ; 16 bits   ; 32 LEs        ; 16 LEs               ; 16 LEs                 ; Yes        ; |datapath|registrador16bits:r6|saida[14]          ;
; 3:1                ; 8 bits    ; 16 LEs        ; 8 LEs                ; 8 LEs                  ; Yes        ; |datapath|pilhareg:Rp|saida[0]                    ;
; 3:1                ; 16 bits   ; 32 LEs        ; 16 LEs               ; 16 LEs                 ; Yes        ; |datapath|registrador16bits:inRegister|saida[0]   ;
; 8:1                ; 16 bits   ; 80 LEs        ; 64 LEs               ; 16 LEs                 ; Yes        ; |datapath|multi7:mux7_registers2|saidamux7[4]     ;
; 8:1                ; 16 bits   ; 80 LEs        ; 64 LEs               ; 16 LEs                 ; Yes        ; |datapath|multi7:mux7_registers1|saidamux7[1]     ;
; 3:1                ; 8 bits    ; 16 LEs        ; 8 LEs                ; 8 LEs                  ; Yes        ; |datapath|PC:contadordeprograma|PC_out[4]         ;
; 8:1                ; 16 bits   ; 80 LEs        ; 48 LEs               ; 32 LEs                 ; Yes        ; |datapath|multi5:mux1|saida[1]                    ;
; 7:1                ; 16 bits   ; 64 LEs        ; 64 LEs               ; 0 LEs                  ; Yes        ; |datapath|ULA:alu|saida[10]~reg0                  ;
+--------------------+-----------+---------------+----------------------+------------------------+------------+---------------------------------------------------+


+-------------------------------------------------------------------------------------------------------------------+
; Source assignments for MemoriadeDados:memoriaDados|altsyncram:altsyncram_component|altsyncram_vsa1:auto_generated ;
+---------------------------------+--------------------+------+-----------------------------------------------------+
; Assignment                      ; Value              ; From ; To                                                  ;
+---------------------------------+--------------------+------+-----------------------------------------------------+
; OPTIMIZE_POWER_DURING_SYNTHESIS ; NORMAL_COMPILATION ; -    ; -                                                   ;
+---------------------------------+--------------------+------+-----------------------------------------------------+


+-------------------------------------------------------------------------------------------------------------------------+
; Source assignments for memoriaDePrograma:memoriaPrograma|altsyncram:altsyncram_component|altsyncram_6091:auto_generated ;
+---------------------------------+--------------------+------+-----------------------------------------------------------+
; Assignment                      ; Value              ; From ; To                                                        ;
+---------------------------------+--------------------+------+-----------------------------------------------------------+
; OPTIMIZE_POWER_DURING_SYNTHESIS ; NORMAL_COMPILATION ; -    ; -                                                         ;
+---------------------------------+--------------------+------+-----------------------------------------------------------+


+----------------------------------------------------------------------------------------------------------+
; Parameter Settings for User Entity Instance: MemoriadeDados:memoriaDados|altsyncram:altsyncram_component ;
+------------------------------------+----------------------+----------------------------------------------+
; Parameter Name                     ; Value                ; Type                                         ;
+------------------------------------+----------------------+----------------------------------------------+
; BYTE_SIZE_BLOCK                    ; 8                    ; Untyped                                      ;
; AUTO_CARRY_CHAINS                  ; ON                   ; AUTO_CARRY                                   ;
; IGNORE_CARRY_BUFFERS               ; OFF                  ; IGNORE_CARRY                                 ;
; AUTO_CASCADE_CHAINS                ; ON                   ; AUTO_CASCADE                                 ;
; IGNORE_CASCADE_BUFFERS             ; OFF                  ; IGNORE_CASCADE                               ;
; WIDTH_BYTEENA                      ; 1                    ; Untyped                                      ;
; OPERATION_MODE                     ; SINGLE_PORT          ; Untyped                                      ;
; WIDTH_A                            ; 16                   ; Signed Integer                               ;
; WIDTHAD_A                          ; 8                    ; Signed Integer                               ;
; NUMWORDS_A                         ; 256                  ; Signed Integer                               ;
; OUTDATA_REG_A                      ; UNREGISTERED         ; Untyped                                      ;
; ADDRESS_ACLR_A                     ; NONE                 ; Untyped                                      ;
; OUTDATA_ACLR_A                     ; NONE                 ; Untyped                                      ;
; WRCONTROL_ACLR_A                   ; NONE                 ; Untyped                                      ;
; INDATA_ACLR_A                      ; NONE                 ; Untyped                                      ;
; BYTEENA_ACLR_A                     ; NONE                 ; Untyped                                      ;
; WIDTH_B                            ; 1                    ; Untyped                                      ;
; WIDTHAD_B                          ; 1                    ; Untyped                                      ;
; NUMWORDS_B                         ; 1                    ; Untyped                                      ;
; INDATA_REG_B                       ; CLOCK1               ; Untyped                                      ;
; WRCONTROL_WRADDRESS_REG_B          ; CLOCK1               ; Untyped                                      ;
; RDCONTROL_REG_B                    ; CLOCK1               ; Untyped                                      ;
; ADDRESS_REG_B                      ; CLOCK1               ; Untyped                                      ;
; OUTDATA_REG_B                      ; UNREGISTERED         ; Untyped                                      ;
; BYTEENA_REG_B                      ; CLOCK1               ; Untyped                                      ;
; INDATA_ACLR_B                      ; NONE                 ; Untyped                                      ;
; WRCONTROL_ACLR_B                   ; NONE                 ; Untyped                                      ;
; ADDRESS_ACLR_B                     ; NONE                 ; Untyped                                      ;
; OUTDATA_ACLR_B                     ; NONE                 ; Untyped                                      ;
; RDCONTROL_ACLR_B                   ; NONE                 ; Untyped                                      ;
; BYTEENA_ACLR_B                     ; NONE                 ; Untyped                                      ;
; WIDTH_BYTEENA_A                    ; 1                    ; Signed Integer                               ;
; WIDTH_BYTEENA_B                    ; 1                    ; Untyped                                      ;
; RAM_BLOCK_TYPE                     ; AUTO                 ; Untyped                                      ;
; BYTE_SIZE                          ; 8                    ; Untyped                                      ;
; READ_DURING_WRITE_MODE_MIXED_PORTS ; DONT_CARE            ; Untyped                                      ;
; READ_DURING_WRITE_MODE_PORT_A      ; NEW_DATA_NO_NBE_READ ; Untyped                                      ;
; READ_DURING_WRITE_MODE_PORT_B      ; NEW_DATA_NO_NBE_READ ; Untyped                                      ;
; INIT_FILE                          ; UNUSED               ; Untyped                                      ;
; INIT_FILE_LAYOUT                   ; PORT_A               ; Untyped                                      ;
; MAXIMUM_DEPTH                      ; 0                    ; Untyped                                      ;
; CLOCK_ENABLE_INPUT_A               ; BYPASS               ; Untyped                                      ;
; CLOCK_ENABLE_INPUT_B               ; NORMAL               ; Untyped                                      ;
; CLOCK_ENABLE_OUTPUT_A              ; BYPASS               ; Untyped                                      ;
; CLOCK_ENABLE_OUTPUT_B              ; NORMAL               ; Untyped                                      ;
; CLOCK_ENABLE_CORE_A                ; USE_INPUT_CLKEN      ; Untyped                                      ;
; CLOCK_ENABLE_CORE_B                ; USE_INPUT_CLKEN      ; Untyped                                      ;
; ENABLE_ECC                         ; FALSE                ; Untyped                                      ;
; ECC_PIPELINE_STAGE_ENABLED         ; FALSE                ; Untyped                                      ;
; WIDTH_ECCSTATUS                    ; 3                    ; Untyped                                      ;
; DEVICE_FAMILY                      ; Cyclone II           ; Untyped                                      ;
; CBXI_PARAMETER                     ; altsyncram_vsa1      ; Untyped                                      ;
+------------------------------------+----------------------+----------------------------------------------+
Note: In order to hide this table in the UI and the text report file, please set the "Show Parameter Settings in Synthesis Report" option in "Analysis and Synthesis Settings -> More Settings" to "Off".


+----------------------------------------------------------------------------------------------------------------+
; Parameter Settings for User Entity Instance: memoriaDePrograma:memoriaPrograma|altsyncram:altsyncram_component ;
+------------------------------------+-----------------------+---------------------------------------------------+
; Parameter Name                     ; Value                 ; Type                                              ;
+------------------------------------+-----------------------+---------------------------------------------------+
; BYTE_SIZE_BLOCK                    ; 8                     ; Untyped                                           ;
; AUTO_CARRY_CHAINS                  ; ON                    ; AUTO_CARRY                                        ;
; IGNORE_CARRY_BUFFERS               ; OFF                   ; IGNORE_CARRY                                      ;
; AUTO_CASCADE_CHAINS                ; ON                    ; AUTO_CASCADE                                      ;
; IGNORE_CASCADE_BUFFERS             ; OFF                   ; IGNORE_CASCADE                                    ;
; WIDTH_BYTEENA                      ; 1                     ; Untyped                                           ;
; OPERATION_MODE                     ; ROM                   ; Untyped                                           ;
; WIDTH_A                            ; 16                    ; Signed Integer                                    ;
; WIDTHAD_A                          ; 8                     ; Signed Integer                                    ;
; NUMWORDS_A                         ; 256                   ; Signed Integer                                    ;
; OUTDATA_REG_A                      ; UNREGISTERED          ; Untyped                                           ;
; ADDRESS_ACLR_A                     ; NONE                  ; Untyped                                           ;
; OUTDATA_ACLR_A                     ; NONE                  ; Untyped                                           ;
; WRCONTROL_ACLR_A                   ; NONE                  ; Untyped                                           ;
; INDATA_ACLR_A                      ; NONE                  ; Untyped                                           ;
; BYTEENA_ACLR_A                     ; NONE                  ; Untyped                                           ;
; WIDTH_B                            ; 1                     ; Untyped                                           ;
; WIDTHAD_B                          ; 1                     ; Untyped                                           ;
; NUMWORDS_B                         ; 1                     ; Untyped                                           ;
; INDATA_REG_B                       ; CLOCK1                ; Untyped                                           ;
; WRCONTROL_WRADDRESS_REG_B          ; CLOCK1                ; Untyped                                           ;
; RDCONTROL_REG_B                    ; CLOCK1                ; Untyped                                           ;
; ADDRESS_REG_B                      ; CLOCK1                ; Untyped                                           ;
; OUTDATA_REG_B                      ; UNREGISTERED          ; Untyped                                           ;
; BYTEENA_REG_B                      ; CLOCK1                ; Untyped                                           ;
; INDATA_ACLR_B                      ; NONE                  ; Untyped                                           ;
; WRCONTROL_ACLR_B                   ; NONE                  ; Untyped                                           ;
; ADDRESS_ACLR_B                     ; NONE                  ; Untyped                                           ;
; OUTDATA_ACLR_B                     ; NONE                  ; Untyped                                           ;
; RDCONTROL_ACLR_B                   ; NONE                  ; Untyped                                           ;
; BYTEENA_ACLR_B                     ; NONE                  ; Untyped                                           ;
; WIDTH_BYTEENA_A                    ; 1                     ; Signed Integer                                    ;
; WIDTH_BYTEENA_B                    ; 1                     ; Untyped                                           ;
; RAM_BLOCK_TYPE                     ; AUTO                  ; Untyped                                           ;
; BYTE_SIZE                          ; 8                     ; Untyped                                           ;
; READ_DURING_WRITE_MODE_MIXED_PORTS ; DONT_CARE             ; Untyped                                           ;
; READ_DURING_WRITE_MODE_PORT_A      ; NEW_DATA_NO_NBE_READ  ; Untyped                                           ;
; READ_DURING_WRITE_MODE_PORT_B      ; NEW_DATA_NO_NBE_READ  ; Untyped                                           ;
; INIT_FILE                          ; memoriaDePrograma.mif ; Untyped                                           ;
; INIT_FILE_LAYOUT                   ; PORT_A                ; Untyped                                           ;
; MAXIMUM_DEPTH                      ; 0                     ; Untyped                                           ;
; CLOCK_ENABLE_INPUT_A               ; BYPASS                ; Untyped                                           ;
; CLOCK_ENABLE_INPUT_B               ; NORMAL                ; Untyped                                           ;
; CLOCK_ENABLE_OUTPUT_A              ; BYPASS                ; Untyped                                           ;
; CLOCK_ENABLE_OUTPUT_B              ; NORMAL                ; Untyped                                           ;
; CLOCK_ENABLE_CORE_A                ; USE_INPUT_CLKEN       ; Untyped                                           ;
; CLOCK_ENABLE_CORE_B                ; USE_INPUT_CLKEN       ; Untyped                                           ;
; ENABLE_ECC                         ; FALSE                 ; Untyped                                           ;
; ECC_PIPELINE_STAGE_ENABLED         ; FALSE                 ; Untyped                                           ;
; WIDTH_ECCSTATUS                    ; 3                     ; Untyped                                           ;
; DEVICE_FAMILY                      ; Cyclone II            ; Untyped                                           ;
; CBXI_PARAMETER                     ; altsyncram_6091       ; Untyped                                           ;
+------------------------------------+-----------------------+---------------------------------------------------+
Note: In order to hide this table in the UI and the text report file, please set the "Show Parameter Settings in Synthesis Report" option in "Analysis and Synthesis Settings -> More Settings" to "Off".


+---------------------------------------------------------------------------------------------------------------+
; altsyncram Parameter Settings by Entity Instance                                                              ;
+-------------------------------------------+-------------------------------------------------------------------+
; Name                                      ; Value                                                             ;
+-------------------------------------------+-------------------------------------------------------------------+
; Number of entity instances                ; 2                                                                 ;
; Entity Instance                           ; MemoriadeDados:memoriaDados|altsyncram:altsyncram_component       ;
;     -- OPERATION_MODE                     ; SINGLE_PORT                                                       ;
;     -- WIDTH_A                            ; 16                                                                ;
;     -- NUMWORDS_A                         ; 256                                                               ;
;     -- OUTDATA_REG_A                      ; UNREGISTERED                                                      ;
;     -- WIDTH_B                            ; 1                                                                 ;
;     -- NUMWORDS_B                         ; 1                                                                 ;
;     -- ADDRESS_REG_B                      ; CLOCK1                                                            ;
;     -- OUTDATA_REG_B                      ; UNREGISTERED                                                      ;
;     -- RAM_BLOCK_TYPE                     ; AUTO                                                              ;
;     -- READ_DURING_WRITE_MODE_MIXED_PORTS ; DONT_CARE                                                         ;
; Entity Instance                           ; memoriaDePrograma:memoriaPrograma|altsyncram:altsyncram_component ;
;     -- OPERATION_MODE                     ; ROM                                                               ;
;     -- WIDTH_A                            ; 16                                                                ;
;     -- NUMWORDS_A                         ; 256                                                               ;
;     -- OUTDATA_REG_A                      ; UNREGISTERED                                                      ;
;     -- WIDTH_B                            ; 1                                                                 ;
;     -- NUMWORDS_B                         ; 1                                                                 ;
;     -- ADDRESS_REG_B                      ; CLOCK1                                                            ;
;     -- OUTDATA_REG_B                      ; UNREGISTERED                                                      ;
;     -- RAM_BLOCK_TYPE                     ; AUTO                                                              ;
;     -- READ_DURING_WRITE_MODE_MIXED_PORTS ; DONT_CARE                                                         ;
+-------------------------------------------+-------------------------------------------------------------------+


+------------------------------------------------------------------------------------------------------------------------+
; Port Connectivity Checks: "multi2:mux3"                                                                                ;
+--------------+--------+----------+-------------------------------------------------------------------------------------+
; Port         ; Type   ; Severity ; Details                                                                             ;
+--------------+--------+----------+-------------------------------------------------------------------------------------+
; out_rp[9..8] ; Input  ; Info     ; Stuck at GND                                                                        ;
; saida[9..8]  ; Output ; Info     ; Connected to dangling logic. Logic that only feeds a dangling port will be removed. ;
+--------------+--------+----------+-------------------------------------------------------------------------------------+


+-------------------------------+
; Elapsed Time Per Partition    ;
+----------------+--------------+
; Partition Name ; Elapsed Time ;
+----------------+--------------+
; Top            ; 00:00:00     ;
+----------------+--------------+


+-------------------------------+
; Analysis & Synthesis Messages ;
+-------------------------------+
Info: *******************************************************************
Info: Running Quartus II 64-Bit Analysis & Synthesis
    Info: Version 13.0.1 Build 232 06/12/2013 Service Pack 1 SJ Web Edition
    Info: Processing started: Fri May 07 00:04:30 2021
Info: Command: quartus_map --read_settings_files=on --write_settings_files=off datapath -c datapath
Warning (20028): Parallel compilation is not licensed and has been disabled
Info (12021): Found 2 design units, including 1 entities, in source file multi2/multi2.vhd
    Info (12022): Found design unit 1: multi2-implementation
    Info (12023): Found entity 1: multi2
Info (12021): Found 2 design units, including 1 entities, in source file comparador/comparador.vhd
    Info (12022): Found design unit 1: comparador-implementation
    Info (12023): Found entity 1: comparador
Info (12021): Found 2 design units, including 1 entities, in source file pilhareg/pilhareg.vhd
    Info (12022): Found design unit 1: pilhareg-implementation
    Info (12023): Found entity 1: pilhareg
Info (12021): Found 2 design units, including 1 entities, in source file datapath.vhd
    Info (12022): Found design unit 1: datapath-rtl_datapath
    Info (12023): Found entity 1: datapath
Warning (12019): Can't analyze file -- file ../registradorde8bits/datapath.vhd is missing
Info (12021): Found 2 design units, including 1 entities, in source file multi7/multi7.vhd
    Info (12022): Found design unit 1: multi7-implementation
    Info (12023): Found entity 1: multi7
Info (12021): Found 2 design units, including 1 entities, in source file multi5/multi5.vhd
    Info (12022): Found design unit 1: multi5-implementation
    Info (12023): Found entity 1: multi5
Info (12021): Found 2 design units, including 1 entities, in source file ula/ula.vhd
    Info (12022): Found design unit 1: ULA-implementation
    Info (12023): Found entity 1: ULA
Info (12021): Found 2 design units, including 1 entities, in source file pc/pc.vhd
    Info (12022): Found design unit 1: PC-arch_PC
    Info (12023): Found entity 1: PC
Info (12021): Found 2 design units, including 1 entities, in source file registrador16bits/registrador16bits.vhd
    Info (12022): Found design unit 1: registrador16bits-implementation
    Info (12023): Found entity 1: registrador16bits
Info (12021): Found 2 design units, including 1 entities, in source file memoriadedados/memoriadedados.vhd
    Info (12022): Found design unit 1: memoriadedados-SYN
    Info (12023): Found entity 1: MemoriadeDados
Info (12021): Found 2 design units, including 1 entities, in source file memoriadeprograma/memoriadeprograma.vhd
    Info (12022): Found design unit 1: memoriadeprograma-SYN
    Info (12023): Found entity 1: memoriaDePrograma
Info (12127): Elaborating entity "datapath" for the top level hierarchy
Warning (10873): Using initial value X (don't care) for net "out_RP[9..8]" at datapath.vhd(25)
Info (12128): Elaborating entity "MemoriadeDados" for hierarchy "MemoriadeDados:memoriaDados"
Info (12128): Elaborating entity "altsyncram" for hierarchy "MemoriadeDados:memoriaDados|altsyncram:altsyncram_component"
Info (12130): Elaborated megafunction instantiation "MemoriadeDados:memoriaDados|altsyncram:altsyncram_component"
Info (12133): Instantiated megafunction "MemoriadeDados:memoriaDados|altsyncram:altsyncram_component" with the following parameter:
    Info (12134): Parameter "clock_enable_input_a" = "BYPASS"
    Info (12134): Parameter "clock_enable_output_a" = "BYPASS"
    Info (12134): Parameter "intended_device_family" = "Cyclone II"
    Info (12134): Parameter "lpm_hint" = "ENABLE_RUNTIME_MOD=NO"
    Info (12134): Parameter "lpm_type" = "altsyncram"
    Info (12134): Parameter "numwords_a" = "256"
    Info (12134): Parameter "operation_mode" = "SINGLE_PORT"
    Info (12134): Parameter "outdata_aclr_a" = "NONE"
    Info (12134): Parameter "outdata_reg_a" = "UNREGISTERED"
    Info (12134): Parameter "power_up_uninitialized" = "FALSE"
    Info (12134): Parameter "widthad_a" = "8"
    Info (12134): Parameter "width_a" = "16"
    Info (12134): Parameter "width_byteena_a" = "1"
Info (12021): Found 1 design units, including 1 entities, in source file db/altsyncram_vsa1.tdf
    Info (12023): Found entity 1: altsyncram_vsa1
Info (12128): Elaborating entity "altsyncram_vsa1" for hierarchy "MemoriadeDados:memoriaDados|altsyncram:altsyncram_component|altsyncram_vsa1:auto_generated"
Info (12128): Elaborating entity "memoriaDePrograma" for hierarchy "memoriaDePrograma:memoriaPrograma"
Info (12128): Elaborating entity "altsyncram" for hierarchy "memoriaDePrograma:memoriaPrograma|altsyncram:altsyncram_component"
Info (12130): Elaborated megafunction instantiation "memoriaDePrograma:memoriaPrograma|altsyncram:altsyncram_component"
Info (12133): Instantiated megafunction "memoriaDePrograma:memoriaPrograma|altsyncram:altsyncram_component" with the following parameter:
    Info (12134): Parameter "clock_enable_input_a" = "BYPASS"
    Info (12134): Parameter "clock_enable_output_a" = "BYPASS"
    Info (12134): Parameter "init_file" = "memoriaDePrograma.mif"
    Info (12134): Parameter "intended_device_family" = "Cyclone II"
    Info (12134): Parameter "lpm_hint" = "ENABLE_RUNTIME_MOD=NO"
    Info (12134): Parameter "lpm_type" = "altsyncram"
    Info (12134): Parameter "numwords_a" = "256"
    Info (12134): Parameter "operation_mode" = "ROM"
    Info (12134): Parameter "outdata_aclr_a" = "NONE"
    Info (12134): Parameter "outdata_reg_a" = "UNREGISTERED"
    Info (12134): Parameter "widthad_a" = "8"
    Info (12134): Parameter "width_a" = "16"
    Info (12134): Parameter "width_byteena_a" = "1"
Info (12021): Found 1 design units, including 1 entities, in source file db/altsyncram_6091.tdf
    Info (12023): Found entity 1: altsyncram_6091
Info (12128): Elaborating entity "altsyncram_6091" for hierarchy "memoriaDePrograma:memoriaPrograma|altsyncram:altsyncram_component|altsyncram_6091:auto_generated"
Info (12128): Elaborating entity "registrador16bits" for hierarchy "registrador16bits:inRegister"
Warning (10492): VHDL Process Statement warning at registrador16bits.vhd(20): signal "clear" is read inside the Process Statement but isn't in the Process Statement's sensitivity list
Info (12128): Elaborating entity "multi5" for hierarchy "multi5:mux1"
Info (12128): Elaborating entity "pilhareg" for hierarchy "pilhareg:Rp"
Warning (10492): VHDL Process Statement warning at pilhareg.vhd(20): signal "clear" is read inside the Process Statement but isn't in the Process Statement's sensitivity list
Info (12128): Elaborating entity "multi7" for hierarchy "multi7:mux7_registers1"
Info (12128): Elaborating entity "comparador" for hierarchy "comparador:compare"
Info (12128): Elaborating entity "multi2" for hierarchy "multi2:mux3"
Info (12128): Elaborating entity "ULA" for hierarchy "ULA:alu"
Info (12128): Elaborating entity "PC" for hierarchy "PC:contadordeprograma"
Warning (10492): VHDL Process Statement warning at PC.vhd(22): signal "ld_PC" is read inside the Process Statement but isn't in the Process Statement's sensitivity list
Warning (10492): VHDL Process Statement warning at PC.vhd(22): signal "incrementar" is read inside the Process Statement but isn't in the Process Statement's sensitivity list
Warning (10492): VHDL Process Statement warning at PC.vhd(24): signal "ld_PC" is read inside the Process Statement but isn't in the Process Statement's sensitivity list
Warning (10492): VHDL Process Statement warning at PC.vhd(24): signal "incrementar" is read inside the Process Statement but isn't in the Process Statement's sensitivity list
Warning (13046): Tri-state node(s) do not directly drive top-level pin(s)
    Warning (13049): Converted tri-state buffer "ULA:alu|saida[0]" feeding internal logic into a wire
    Warning (13049): Converted tri-state buffer "ULA:alu|saida[1]" feeding internal logic into a wire
    Warning (13049): Converted tri-state buffer "ULA:alu|saida[2]" feeding internal logic into a wire
    Warning (13049): Converted tri-state buffer "ULA:alu|saida[3]" feeding internal logic into a wire
    Warning (13049): Converted tri-state buffer "ULA:alu|saida[4]" feeding internal logic into a wire
    Warning (13049): Converted tri-state buffer "ULA:alu|saida[5]" feeding internal logic into a wire
    Warning (13049): Converted tri-state buffer "ULA:alu|saida[6]" feeding internal logic into a wire
    Warning (13049): Converted tri-state buffer "ULA:alu|saida[7]" feeding internal logic into a wire
    Warning (13049): Converted tri-state buffer "ULA:alu|saida[8]" feeding internal logic into a wire
    Warning (13049): Converted tri-state buffer "ULA:alu|saida[9]" feeding internal logic into a wire
    Warning (13049): Converted tri-state buffer "ULA:alu|saida[10]" feeding internal logic into a wire
    Warning (13049): Converted tri-state buffer "ULA:alu|saida[11]" feeding internal logic into a wire
    Warning (13049): Converted tri-state buffer "ULA:alu|saida[12]" feeding internal logic into a wire
    Warning (13049): Converted tri-state buffer "ULA:alu|saida[13]" feeding internal logic into a wire
    Warning (13049): Converted tri-state buffer "ULA:alu|saida[14]" feeding internal logic into a wire
    Warning (13049): Converted tri-state buffer "ULA:alu|saida[15]" feeding internal logic into a wire
Info (17049): 16 registers lost all their fanouts during netlist optimizations.
Info (16010): Generating hard_block partition "hard_block:auto_generated_inst"
    Info (16011): Adding 0 node(s), including 0 DDIO, 0 PLL, 0 transceiver and 0 LCELL
Info (21057): Implemented 652 device resources after synthesis - the final resource count might be different
    Info (21058): Implemented 64 input pins
    Info (21059): Implemented 34 output pins
    Info (21061): Implemented 522 logic cells
    Info (21064): Implemented 32 RAM segments
Info: Quartus II 64-Bit Analysis & Synthesis was successful. 0 errors, 26 warnings
    Info: Peak virtual memory: 4645 megabytes
    Info: Processing ended: Fri May 07 00:04:32 2021
    Info: Elapsed time: 00:00:02
    Info: Total CPU time (on all processors): 00:00:03


